tcp        0      0 127.0.0.1:34404         127.0.0.1:10000         ESTABLISHED -               
tcp        0      0 127.0.0.1:34399         127.0.0.1:10000         ESTABLISHED -               
tcp        0      0 127.0.0.1:34412         127.0.0.1:10000         ESTABLISHED -               
tcp        0      0 127.0.0.1:60992         127.0.0.1:10000         ESTABLISHED -               
tcp        0      0 127.0.0.1:34400         127.0.0.1:10000         ESTABLISHED -               
tcp        0      0 127.0.0.1:34402         127.0.0.1:10000         ESTABLISHED -               
tcp        0      0 127.0.0.1:34430         127.0.0.1:10000         ESTABLISHED -               
tcp        0      0 127.0.0.1:10000         127.0.0.1:34248         ESTABLISHED -               
tcp        0      0 127.0.0.1:34427         127.0.0.1:10000         ESTABLISHED -               
tcp        0      0 127.0.0.1:34426         127.0.0.1:10000         ESTABLISHED -               
tcp        0      0 127.0.0.1:34394         127.0.0.1:10000         ESTABLISHED -               
tcp        0      0 127.0.0.1:34431         127.0.0.1:10000         ESTABLISHED -               
tcp        0      0 127.0.0.1:34410         127.0.0.1:10000         ESTABLISHED -               
tcp        0      0 127.0.0.1:60991         127.0.0.1:10000         ESTABLISHED -               
tcp        0      0 127.0.0.1:34423         127.0.0.1:10000         ESTABLISHED -               
tcp        0      0 127.0.0.1:34401         127.0.0.1:10000         ESTABLISHED -               
tcp        0      0 127.0.0.1:10000         127.0.0.1:60989         ESTABLISHED -               
tcp        0      0 127.0.0.1:34403         127.0.0.1:10000         ESTABLISHED -               
tcp        0      0 127.0.0.1:10000         127.0.0.1:60991         ESTABLISHED -               
tcp        0      0 127.0.0.1:34415         127.0.0.1:10000         ESTABLISHED -               
tcp        0      0 127.0.0.1:34419         127.0.0.1:10000         ESTABLISHED -               
tcp        0      0 127.0.0.1:34406         127.0.0.1:10000         ESTABLISHED -               
tcp        0      0 127.0.0.1:34429         127.0.0.1:10000         ESTABLISHED -               
tcp        0      0 127.0.0.1:34248         127.0.0.1:10000         ESTABLISHED -               
tcp        0      0 127.0.0.1:34409         127.0.0.1:10000         ESTABLISHED -               
tcp        0      0 127.0.0.1:34413         127.0.0.1:10000         ESTABLISHED -               
tcp        0      0 127.0.0.1:34428         127.0.0.1:10000         ESTABLISHED -               
tcp        0      0 127.0.0.1:34420         127.0.0.1:10000         ESTABLISHED -               
tcp        0      0 127.0.0.1:34411         127.0.0.1:10000         ESTABLISHED -               
tcp        0      0 127.0.0.1:34408         127.0.0.1:10000         ESTABLISHED -               
tcp        0      0 127.0.0.1:34417         127.0.0.1:10000         ESTABLISHED -               
tcp        0      0 127.0.0.1:34418         127.0.0.1:10000         ESTABLISHED -               
tcp        0      0 127.0.0.1:34261         127.0.0.1:10000         ESTABLISHED -               
tcp        0      0 127.0.0.1:34414         127.0.0.1:10000         ESTABLISHED -               
tcp        0      0 127.0.0.1:10000         127.0.0.1:60992         ESTABLISHED -               
tcp        0      0 127.0.0.1:60989         127.0.0.1:10000         ESTABLISHED -               
tcp        0      0 127.0.0.1:34405         127.0.0.1:10000         ESTABLISHED -               
tcp        0      0 127.0.0.1:34416         127.0.0.1:10000         ESTABLISHED -               
tcp        0      0 127.0.0.1:34407         127.0.0.1:10000         ESTABLISHED -               
