Jul 15 18:31:46 kashrinivaasan-Inspiron-1545 kernel: [   94.410778] virgo_clone() syscall: sent message: int clone_func(void* args)
Jul 15 18:31:46 kashrinivaasan-Inspiron-1545 kernel: [   94.410790] invoking read_virgo_config()
Jul 15 18:31:46 kashrinivaasan-Inspiron-1545 kernel: [   94.410815] virgo kernel service: read_virgo_config(): before reading virgo_cloud.conf - virgo_cloud ip address - 1: 127.0.0.1
Jul 15 18:31:46 kashrinivaasan-Inspiron-1545 kernel: [   94.410817] virgo kernel service: read_virgo_config(): before reading virgo_cloud.conf - virgo_cloud ip address - 2: 127.0.0.1
Jul 15 18:31:46 kashrinivaasan-Inspiron-1545 kernel: [   94.410819] read_virgo_config(): virgo_cloud config file being read
Jul 15 18:31:46 kashrinivaasan-Inspiron-1545 kernel: [   94.422435] do_virgo_cloud_init(): virgo_cloud config file string of comma separated IPs : 127.0.0.1,127.0.0.1
Jul 15 18:31:46 kashrinivaasan-Inspiron-1545 kernel: [   94.422435]
Jul 15 18:31:46 kashrinivaasan-Inspiron-1545 kernel: [   94.422441] tokenize_list_of_ip_addrs(): bufdup = 127.0.0.1,127.0.0.1
Jul 15 18:31:46 kashrinivaasan-Inspiron-1545 kernel: [   94.422441]
Jul 15 18:31:46 kashrinivaasan-Inspiron-1545 kernel: [   94.422446] tokenize_list_of_ip_addrs(): 127.0.0.1
Jul 15 18:31:46 kashrinivaasan-Inspiron-1545 kernel: [   94.422449] tokenize_list_of_ip_addrs(): 127.0.0.1
Jul 15 18:31:46 kashrinivaasan-Inspiron-1545 kernel: [   94.422449]
Jul 15 18:31:46 kashrinivaasan-Inspiron-1545 kernel: [   94.422454] virgocloudexec_recvfrom(): before kernel_recvmsg()
Jul 15 18:31:46 kashrinivaasan-Inspiron-1545 kernel: [   94.422461] virgocloudexec_recvfrom(): kernel_recvmsg() returns len: 500
Jul 15 18:31:46 kashrinivaasan-Inspiron-1545 kernel: [   94.422464] virgocloudexec_recvfrom(): kernel_recvmsg() returns in recv buffer: int clone_func(void* args)
Jul 15 18:31:46 kashrinivaasan-Inspiron-1545 kernel: [   94.422467] print_buffer():
Jul 15 18:31:46 kashrinivaasan-Inspiron-1545 kernel: [   94.422470] in
Jul 15 18:31:46 kashrinivaasan-Inspiron-1545 kernel: [   94.422474] t
Jul 15 18:31:46 kashrinivaasan-Inspiron-1545 kernel: [   94.422478]
Jul 15 18:31:46 kashrinivaasan-Inspiron-1545 kernel: [   94.422481] virgocloudexec_recvfrom(): kernel_recvmsg() le32 to cpu int clone_func(void* args)
Jul 15 18:31:46 kashrinivaasan-Inspiron-1545 kernel: [   94.422484] virgocloudexec_recvfrom(): cloneFunction : int clone_func(void* args)
Jul 15 18:31:46 kashrinivaasan-Inspiron-1545 kernel: [   94.422587] virgocloudexec_recvfrom(): clone thread woken_up : 1
----------------------
Jul 15 19:36:04 kashrinivaasan-Inspiron-1545 kernel: [  108.016789] read_virgo_config(): virgo_cloud config file being read
Jul 15 19:36:04 kashrinivaasan-Inspiron-1545 kernel: [  108.031212] do_virgo_cloud_init(): virgo_cloud config file string of comma separated IPs : 127.0.0.1,127.0.0.1
Jul 15 19:36:04 kashrinivaasan-Inspiron-1545 kernel: [  108.031212]
Jul 15 19:36:04 kashrinivaasan-Inspiron-1545 kernel: [  108.031220] tokenize_list_of_ip_addrs(): bufdup = 127.0.0.1,127.0.0.1
Jul 15 19:36:04 kashrinivaasan-Inspiron-1545 kernel: [  108.031220]
Jul 15 19:36:04 kashrinivaasan-Inspiron-1545 kernel: [  108.031225] tokenize_list_of_ip_addrs(): 127.0.0.1
Jul 15 19:36:04 kashrinivaasan-Inspiron-1545 kernel: [  108.031229] tokenize_list_of_ip_addrs(): node_ip_addrs_in_cloud[0] = 127.0.0.1
Jul 15 19:36:04 kashrinivaasan-Inspiron-1545 kernel: [  108.031232] tokenize_list_of_ip_addrs(): 127.0.0.1
Jul 15 19:36:04 kashrinivaasan-Inspiron-1545 kernel: [  108.031232]
Jul 15 19:36:04 kashrinivaasan-Inspiron-1545 kernel: [  108.031236] tokenize_list_of_ip_addrs(): node_ip_addrs_in_cloud[1] = 127.0.0.1
Jul 15 19:36:04 kashrinivaasan-Inspiron-1545 kernel: [  108.031236]
Jul 15 19:36:04 kashrinivaasan-Inspiron-1545 kernel: [  108.031241] virgocloudexec_recvfrom(): before kernel_recvmsg()
Jul 15 19:36:04 kashrinivaasan-Inspiron-1545 kernel: [  108.031250] virgocloudexec_recvfrom(): kernel_recvmsg() returns len: 500
Jul 15 19:36:04 kashrinivaasan-Inspiron-1545 kernel: [  108.031254] virgocloudexec_recvfrom(): kernel_recvmsg() returns in recv buffer: int clone_func(void* args)
Jul 15 19:36:04 kashrinivaasan-Inspiron-1545 kernel: [  108.031257] print_buffer():
Jul 15 19:36:04 kashrinivaasan-Inspiron-1545 kernel: [  108.031259] in
Jul 15 19:36:04 kashrinivaasan-Inspiron-1545 kernel: [  108.031263] t
Jul 15 19:36:04 kashrinivaasan-Inspiron-1545 kernel: [  108.031267]
Jul 15 19:36:04 kashrinivaasan-Inspiron-1545 kernel: [  108.031270] virgocloudexec_recvfrom(): kernel_recvmsg() le32 to cpu int clone_func(void* args)
Jul 15 19:36:04 kashrinivaasan-Inspiron-1545 kernel: [  108.031274] virgocloudexec_recvfrom(): cloneFunction : int clone_func(void* args)
Jul 15 19:36:04 kashrinivaasan-Inspiron-1545 kernel: [  108.031372] virgocloudexec_recvfrom(): clone thread woken_up : 1
Jul 15 19:36:04 kashrinivaasan-Inspiron-1545 kernel: [  108.031378] virgocloudexec_sendto(): before kernel_sendmsg() for send buffer: virgo_cloudexec_sendto(): cloudclonethread executed for clone_func(), sending message to virgo_clone() remote syscall client
Jul 15 19:36:04 kashrinivaasan-Inspiron-1545 kernel: [  108.031378]
Jul 15 19:36:04 kashrinivaasan-Inspiron-1545 kernel: [  108.031379] clone_func(): executing the virgo_clone() syscall function parameter in cloud
Jul 15 19:36:04 kashrinivaasan-Inspiron-1545 kernel: [  108.031431] virgocloudexec_sendto(): kernel_sendmsg() returns ret: 500
Jul 15 19:36:04 kashrinivaasan-Inspiron-1545 kernel: [  108.031434] virgocloudexec_sendto(): Shut down Kernel Side Client Socket with SOCK_WAKE_URG after sendmsg
Jul 15 19:36:04 kashrinivaasan-Inspiron-1545 kernel: [  108.031460] virgocloudexec_sendto(): sock_release invoked on client socket
Jul 15 19:36:04 kashrinivaasan-Inspiron-1545 kernel: [  108.031491] virgo_clone() syscall: received message: clone_func(): cloudclonethread executed for clone_func(), sending message to virgo_clone() remote syscall client
Jul 15 19:36:04 kashrinivaasan-Inspiron-1545 kernel: [  108.031491]
Jul 15 19:36:04 kashrinivaasan-Inspiron-1545 kernel: [  108.031497] virgo_clone() syscall: le32_to_cpus(buf): clone_func(): cloudclonethread executed for clone_func(), sending message to virgo_clone() remote syscall client
Jul 15 19:36:04 kashrinivaasan-Inspiron-1545 kernel: [  108.031497]
Jul 15 19:36:04 kashrinivaasan-Inspiron-1545 kernel: [  108.031506] virgo_clone() syscall: virgo_clone() client socket_release() invoked
                                                                                                                              17699,1       Bot

                                                                                                  
